[    0.000000] Initializing cgroup subsys cpu
[    0.000000] Initializing cgroup subsys cpuacct
[    0.000000] CPU: IBM PALM processor
[    0.000000] Machine: IBM 5100
[    0.000000] board-ramdump: boot mode detected as normal
[    0.000000] efi: Getting EFI parameters from FDT:
[    0.000000] efi: UEFI not found.
[    0.000000] Reserved memory: reserved region for node 'removed_regions@85800000': base 0x<HEXSEQ>, size 48 MiB
[    0.000000] Reserved memory: reserved region for node 'peripheral_region@8ea00000': base 0x<HEXSEQ>, size 43 MiB
[    0.000000] Reserved memory: reserved region for node 'modem_region@88800000': base 0x<HEXSEQ>, size 98 MiB
[    0.000000] Reserved memory: reserved region for node 'dfps_data_mem@83400000': base 0x<HEXSEQ>, size 0 MiB
[    0.000000] Reserved memory: reserved region for node 'cont_splash_mem@83401000': base 0x<HEXSEQ>, size 35 MiB
[    0.000000] Reserved memory: reserved region for node 'cont_splash_mem_hdmi@b1c00000': base 0x<HEXSEQ>, size 35 MiB
[    0.000000] Reserved memory: reserved region for node 'debug_region@a7e00000': base 0x<HEXSEQ>, size 1 MiB
[    0.000000] Reserved memory: reserved region for node 'pstore_reserve_mem_region_region@a7f00000': base 0x<HEXSEQ>, size 1 MiB
[    0.000000] Removed memory: created DMA memory pool at 0x<HEXSEQ>, size 48 MiB
[    0.000000] Reserved memory: initialized node removed_regions@85800000, compatible id removed-dma-pool
[    0.000000] Removed memory: created DMA memory pool at 0x<HEXSEQ>, size 43 MiB
[    0.000000] Reserved memory: initialized node peripheral_region@8ea00000, compatible id removed-dma-pool
[    0.000000] Reserved memory: allocated memory for 'adsp_region' node: base 0x<HEXSEQ>, size 4 MiB
[    0.000000] Reserved memory: created CMA memory pool at 0x<HEXSEQ>, size 4 MiB
[    0.000000] Reserved memory: initialized node adsp_region, compatible id shared-dma-pool
[    0.000000] Reserved memory: allocated memory for 'qseecom_region' node: base 0x<HEXSEQ>, size 20 MiB
[    0.000000] Reserved memory: created CMA memory pool at 0x<HEXSEQ>, size 20 MiB
[    0.000000] Reserved memory: initialized node qseecom_region, compatible id shared-dma-pool
[    0.000000] Reserved memory: allocated memory for 'secure_region' node: base 0x<HEXSEQ>, size 92 MiB
[    0.000000] Reserved memory: created CMA memory pool at 0x<HEXSEQ>, size 92 MiB
[    0.000000] Reserved memory: initialized node secure_region, compatible id shared-dma-pool
[    0.000000] Removed memory: created DMA memory pool at 0x<HEXSEQ>, size 98 MiB
[    0.000000] Reserved memory: initialized node modem_region@88800000, compatible id removed-dma-pool
[    0.000000] Reserved memory: created DMA memory pool at 0x<HEXSEQ>, size 0 MiB
[    0.000000] Reserved memory: initialized node dfps_data_mem@83400000, compatible id shared-dma-pool
[    0.000000] Removed memory: created DMA memory pool at 0x<HEXSEQ>, size 1 MiB
[    0.000000] Reserved memory: initialized node debug_region@a7e00000, compatible id removed-dma-pool
[    0.000000] Removed memory: created DMA memory pool at 0x<HEXSEQ>, size 1 MiB
[    0.000000] Reserved memory: initialized node pstore_reserve_mem_region_region@a7f00000, compatible id removed-dma-pool
[    0.000000] cma: Reserved 16 MiB at 0x<HEXSEQ>
[    0.000000] On node 0 totalpages: 992703
[    0.000000]   DMA zone: 7428 pages used for memmap
[    0.000000]   DMA zone: 0 pages reserved
[    0.000000]   DMA zone: 475391 pages, LIFO batch:31
[    0.000000]   Normal zone: 8083 pages used for memmap
[    0.000000]   Normal zone: 517312 pages, LIFO batch:31
[    0.000000] psci: probing for conduit method from DT.
[    0.000000] psci: PSCIv1.0 detected in firmware.
[    0.000000] psci: Using standard PSCI v0.2 function IDs
[    0.000000] psci: Initializing psco_cpu_init
[    0.000000] psci: Initializing psco_cpu_init
[    0.000000] psci: Initializing psco_cpu_init
[    0.000000] PERCPU: Embedded 15 pages/cpu @<HEXSEQ> s20608 r8192 d32640 u61440
[    0.000000] pcpu-alloc: s20608 r8192 d32640 u61440 alloc=15*4096
[    0.000000] pcpu-alloc: [0] 0 [0] 1 [0] 2 [0] 3
[    0.000000] Built 1 zonelists in Zone order, mobility grouping on.  Total pages: 977192
[    0.000000] PID hash table entries: 4096 (order: 3, 32768 bytes)
[    0.000000] Dentry cache hash table entries: 524288 (order: 10, 4194304 bytes)
[    0.000000] Inode-cache hash table entries: 262144 (order: 9, 2097152 bytes)
[    0.000000] Memory: 3646748K/3970812K available (15656K kernel code, 2094K rwdata, 6872K rodata, 2124K init, 2576K bss, 324064K reserved)
[    0.000000] Virtual kernel memory layout:
[    0.000000]     vmalloc : 0x<HEXSEQ> - 0x<HEXSEQ>   (   246 GB)
[    0.000000]     vmemmap : 0x<HEXSEQ> - 0x<HEXSEQ>   (     8 GB maximum)
[    0.000000]               0x<HEXSEQ> - 0x<HEXSEQ>   (    63 MB actual)
[    0.000000]     PCI I/O : 0x<HEXSEQ> - 0x<HEXSEQ>   (    16 MB)
[    0.000000]     fixed   : 0x<HEXSEQ> - 0x<HEXSEQ>   (     4 KB)
[    0.000000]     modules : 0x<HEXSEQ> - 0x<HEXSEQ>   (    64 MB)
[    0.000000]     memory  : 0x<HEXSEQ> - 0x<HEXSEQ>   (  4068 MB)
[    0.000000]       .init : 0x<HEXSEQ> - 0x<HEXSEQ>   (  2124 KB)
[    0.000000]       .text : 0x<HEXSEQ> - 0x<HEXSEQ>   ( 24064 KB)
[    0.000000]       .data : 0x<HEXSEQ> - 0x<HEXSEQ>   (  2095 KB)
[    0.000000] SLUB: HWalign=128, Order=0-3, MinObjects=0, CPUs=4, Nodes=1
[    0.000000] HMP scheduling enabled.
[    0.000000] Preemptible hierarchical RCU implementation.
[    0.000000] 	RCU dyntick-idle grace-period acceleration is enabled.
[    0.000000] 	RCU restricting CPUs from NR_CPUS=8 to nr_cpu_ids=4.
[    0.000000] RCU: Adjusting geometry for rcu_fanout_leaf=16, nr_cpu_ids=4
[    0.000000] NR_IRQS:64 nr_irqs:64 0
[    0.000000] CPU0: found redistributor 0 region 0:0x<HEXSEQ>
[    0.000000] mpm_init_irq_domain(): Cannot find irq controller for qcom,gpio-parent
[    0.000000] MPM 1 irq mapping errored -517
[    0.000000] Architected cp15 and mmio timer(s) running at 19.20MHz (virt/virt).
[    0.000004] sched_clock: 56 bits at 19MHz, resolution 52ns, wraps every <HEXSEQ>ns
[    0.000025] Switched to clocksource arch_sys_counter
[    0.002412] allocated 16777216 bytes of page_cgroup
[    0.002423] please try 'cgroup_disable=memory' option if you don't want memory cgroups
[    0.002441] Calibrating delay loop (skipped), value calculated using timer frequency.. 38.40 BogoMIPS (lpj=192000)
[    0.002455] pid_max: default: 32768 minimum: 301
[    0.002571] Security Framework initialized
[    0.002600] SELinux:  Initializing.
[    0.002655] SELinux:  Starting in permissive mode
[    0.002710] Mount-cache hash table entries: 8192 (order: 4, 65536 bytes)
[    0.002721] Mountpoint-cache hash table entries: 8192 (order: 4, 65536 bytes)
[    0.003381] Initializing cgroup subsys memory
[    0.003406] Initializing cgroup subsys freezer
[    0.003767] /cpus/cpu@0: Unknown CPU type
[    0.003782] /cpus/cpu@1: Unknown CPU type
[    0.003796] /cpus/cpu@100: Unknown CPU type
[    0.003813] /cpus/cpu@101: Unknown CPU type
[    0.003849] hw perfevents: enabled with arm/armv8-pmuv3 PMU driver, 9 counters available
[    0.003882] EFI services will not be available.
[    0.016309] MSM Memory Dump base table set up
[    0.016335] MSM Memory Dump apps data table set up
[    0.016359] hyp_assign_table is not functional as qcom_secure_mem is not allocated.
[    0.016407] disabling /soc/serial@075b0000 node
[    0.018647] clock-cpu-8996: configuring clocks for the perf cluster
[    0.018859] cpu_clock_8996_early_init: finished CPU clock configuration
[    0.021096] CPU1: found redistributor 1 region 0:0x<HEXSEQ>
[    0.023402] CPU2: found redistributor 100 region 0:0x<HEXSEQ>
[    0.025455] CPU3: found redistributor 101 region 0:0x<HEXSEQ>
[    0.025614] Brought up 4 CPUs
[    0.025638] SMP: Total of 4 processors activated.
[    0.034702] pinctrl core: initialized pinctrl subsystem
[    0.036455] board-ramdump: Initialized debug memory at a7e00000-a7efffff
[    0.037399] regulator-dummy: no parameters
[    0.055524] rdtags rdtags: Loaded with 0 existing and 4 new tags. Size: 262144@0xa7e40000
[    0.055806] ramdump_memdesc ramdump_memdesc: res_mem_desc_base = 0xa7e00000 mem_desc size = 262144
[    0.055820] ramdump_memdesc ramdump_memdesc: ramdump_mode = normal
[    0.229069] NET: Registered protocol family 16
[    0.250134] cpuidle: using governor menu
[    0.320087] cpuidle: using governor qcom
[    0.321241] vdso: 2 pages (1 code @ <HEXSEQ>, 1 data @ <HEXSEQ>)
[    0.321718] software IO TLB [mem 0xffc00000-0x100000000] (4MB) mapped at [<HEXSEQ>-<HEXSEQ>]
[    0.322849] DMA: preallocated 2048 KiB pool for atomic allocations
[    0.329889] platform <DOMAIN>,mdss_dsi_pll: assigned reserved memory node dfps_data_mem@83400000
[    0.348081] qcom,msm-apm <DOMAIN>: overriding clock sources across APM switch
[    0.349721] sps:sps is ready.
[    0.350414] i2c-msm-v2 75ba000.i2c: could not find pctldev for node /soc/pinctrl@01010000/msm_gpio_87_act, deferring probe
[    0.351618] i2c-msm-v2 757a000.i2c: could not find pctldev for node /soc/pinctrl@01010000/i2c_6/i2c_6_active, deferring probe
[    0.352115] i2c-msm-v2 75b5000.i2c: could not find pctldev for node /soc/pinctrl@01010000/msm_gpio_55, deferring probe
[    0.352597] i2c-msm-v2 75b6000.i2c: could not find pctldev for node /soc/pinctrl@01010000/msm_gpio_6, deferring probe
[    0.355892] cpu-clock-8996 <DOMAIN>,cpu-clock-8996: resources init failed
[    0.393204] smd_channel_probe_now: allocation table not initialized
[    0.393694] smd_channel_probe_now: allocation table not initialized
[    0.394175] smd_channel_probe_now: allocation table not initialized
[    0.394647] smd_channel_probe_now: allocation table not initialized
[    0.395094] msm_watchdog <DOMAIN>,wdt: wdog absent resource not present
[    0.395437] msm_watchdog <DOMAIN>,wdt: MSM Watchdog Initialized
[    0.397006] msm_rpm_dev_probe: APSS-RPM communication over GLINK
[    0.412249] spmi_pmic_arb <DOMAIN>,spmi: PMIC Arb Version-2 0x20010000
[    0.414397] spmi_pmic_arb <DOMAIN>,spmi: missing property: qcom,pmic-arb-max-periph-interrupts
[    0.424552] pmi8994_s2: 400 <--> 1015 mV at 1000 mV normal idle
[    0.425429] platform <DOMAIN>,lpass: assigned reserved memory node peripheral_region@8ea00000
[    0.425868] platform <DOMAIN>,venus: assigned reserved memory node peripheral_region@8ea00000
[    0.426616] platform <DOMAIN>,ssc: assigned reserved memory node peripheral_region@8ea00000
[    0.427234] platform <DOMAIN>,mss: assigned reserved memory node modem_region@88800000
[    0.431186] msm-thermal <DOMAIN>,msm-thermal: msm_thermal:Failed reading node=/soc/qcom,msm-thermal, key=qcom,rpm-phase-resource-type err=-22. KTM continues
[    0.431211] msm-thermal <DOMAIN>,msm-thermal: msm_thermal:Failed reading node=/soc/qcom,msm-thermal, key=qcom,gfx-sensor-id. err=-22. KTM continues
[    0.431235] msm-thermal <DOMAIN>,msm-thermal: probe_vdd_mx:Failed reading node=/soc/qcom,msm-thermal, key=qcom,mx-restriction-temp. KTM continues
[    0.431253] msm-thermal <DOMAIN>,msm-thermal: probe_psm:Failed reading node=/soc/qcom,msm-thermal, key=qcom,pmic-sw-mode-temp. err=-22. KTM continues
[    0.431335] msm_thermal:vdd_restriction_reg_init Defer regulator vdd-dig probe
[    0.431346] msm_thermal:probe_vdd_rstr Err regulator init. err:-517. KTM continues.
[    0.431360] msm-thermal <DOMAIN>,msm-thermal: probe_vdd_rstr:Failed reading node=/soc/qcom,msm-thermal, key=qcom,max-freq-level. err=-517. KTM continues
[    0.431371] msm_thermal:msm_thermal_dev_probe Failed reading node=/soc/qcom,msm-thermal, key=qcom,online-hotplug-core. err:-517
[    0.439510] platform soc:qcom,msm-adsprpc-mem: assigned reserved memory node adsp_region
[    0.444603] smd_channel_probe_now: allocation table not initialized
[    0.445009] msm_rpm_trans_notify_state: glink config params: transport=(null), edge=rpm, name=rpm_requests
[    0.446422] msm_cache_erp64 <DOMAIN>,cache_erp64: Registering for L1 error interrupts
[    0.446558] msm_cache_erp64 <DOMAIN>,cache_erp64: Registering for L2 error interrupts
[    0.446805] msm_cache_erp64 <DOMAIN>,cache_erp64: Registering for L3 error interrupts
[    0.447264] msm_m4m_erp <DOMAIN>,m4m_erp64: Registering for M4M error interrupts
[    0.450764] apc0_pwrcl_mem_acc_corner: 0 <--> 0 mV
[    0.451419] apc1_perfcl_mem_acc_corner: 0 <--> 0 mV
[    0.452082] apcc_l3_mem_acc_corner: 0 <--> 0 mV
[    0.452722] gfx_mem_acc_corner: 0 <--> 0 mV
[    0.453508] kryo0-retention: 468 <--> 892 mV at 520 mV
[    0.453888] kryo0: 468 <--> 892 mV at 754 mV
[    0.454173] kryo_regulator_probe: kryo0: default LDO functional volt=754021 uV, LDO retention volt=521789 uV, Vref func=325285 + 4466*(val), cluster-num=0
[    0.454749] kryo1-retention: 468 <--> 892 mV at 520 mV
[    0.455133] kryo1: 468 <--> 892 mV at 754 mV
[    0.455400] kryo_regulator_probe: kryo1: default LDO functional volt=754021 uV, LDO retention volt=521789 uV, Vref func=325285 + 4466*(val), cluster-num=1
[    0.463501] platform soc:qcom,kgsl-hyp: assigned reserved memory node peripheral_region@8ea00000
[    0.465972] msm_mpm_dev_probe(): Cannot get clk resource for XO: -517
[    0.498957] msm8996-pinctrl <DOMAIN>: pin 0 disabled
[    0.498975] msm8996-pinctrl <DOMAIN>: pin 1 disabled
[    0.498987] msm8996-pinctrl <DOMAIN>: pin 2 disabled
[    0.498998] msm8996-pinctrl <DOMAIN>: pin 3 disabled
[    0.502224] __of_mpm_init(): MPM driver mapping exists
[    0.505056] i2c-msm-v2 7577000.i2c: probing driver i2c-msm-v2
[    0.505170] i2c-msm-v2 7577000.i2c: error on clk_get(core_clk):-517
[    0.505185] i2c-msm-v2 7577000.i2c: error probe() failed with err:-517
[    0.506278] i2c-msm-v2 75b9000.i2c: probing driver i2c-msm-v2
[    0.506364] i2c-msm-v2 75b9000.i2c: error on clk_get(core_clk):-517
[    0.506378] i2c-msm-v2 75b9000.i2c: error probe() failed with err:-517
[    0.538053] platform soc:ramoops: assigned reserved memory node pstore_reserve_mem_region_region@a7f00000
[    0.540547] console [pstore0] enabled
[    0.540562] pstore: Registered ramoops as persistent store backend
[    0.540577] ramoops: attached 0x100000@0xa7f00000, ecc: 0/0
[    0.542865] i2c-msm-v2 75ba000.i2c: probing driver i2c-msm-v2
[    0.543016] i2c-msm-v2 75ba000.i2c: error on clk_get(core_clk):-517
[    0.543037] i2c-msm-v2 75ba000.i2c: error probe() failed with err:-517
[    0.543732] i2c-msm-v2 757a000.i2c: probing driver i2c-msm-v2
[    0.543850] i2c-msm-v2 757a000.i2c: error on clk_get(core_clk):-517
[    0.543868] i2c-msm-v2 757a000.i2c: error probe() failed with err:-517
[    0.545192] i2c-msm-v2 75b5000.i2c: probing driver i2c-msm-v2
[    0.545338] i2c-msm-v2 75b5000.i2c: error on clk_get(core_clk):-517
[    0.545357] i2c-msm-v2 75b5000.i2c: error probe() failed with err:-517
[    0.546518] i2c-msm-v2 75b6000.i2c: probing driver i2c-msm-v2
[    0.546651] i2c-msm-v2 75b6000.i2c: error on clk_get(core_clk):-517
[    0.546671] i2c-msm-v2 75b6000.i2c: error probe() failed with err:-517
[    0.546990] cpu-clock-8996 <DOMAIN>,cpu-clock-8996: resources init failed
[    0.548415] pm8994_s1_corner: 0 <--> 0 mV at 0 mV normal idle
[    0.549358] pm8994_s1_floor_corner: 0 <--> 0 mV at 0 mV normal idle
[    0.550237] pm8994_s1_corner_ao: 0 <--> 0 mV at 0 mV normal idle
[    0.551179] pm8994_s2_corner: 0 <--> 0 mV at 0 mV normal idle
[    0.551982] pm8994_s2_corner_ao: 0 <--> 0 mV at 0 mV normal idle
[    0.552918] pm8994_s3: 1300 mV normal idle
[    0.553817] pm8994_s4: 1800 mV normal idle
[    0.554734] pm8994_s5: 2150 mV normal idle
[    0.555640] pm8994_s7: 800 mV normal idle
[    0.556562] pm8994_l1: 1000 mV normal idle
[    0.557475] pm8994_l2: 1250 mV normal idle
[    0.558803] pm8994_l3: 1100 mV normal idle
[    0.559735] pm8994_l4: 1225 mV normal idle
[    0.560861] pm8994_l8: 1800 mV normal idle
[    0.561772] pm8994_l9: 1800 mV normal idle
[    0.562685] pm8994_l10: 1800 mV normal idle
[    0.563607] pm8994_l11: 1000 <--> 1200 mV at 1100 mV normal idle
[    0.564544] pm8994_l12: 1800 mV normal idle
[    0.566031] pm8994_l13: 1800 <--> 2950 mV at 2950 mV normal idle
[    0.567013] pm8994_l14: 1700 <--> 1900 mV at 1800 mV normal idle
[    0.568468] pm8994_l15: 1800 mV normal idle
[    0.569428] pm8994_l16: 2700 mV normal idle
[    0.570428] pm8994_l17: 2200 mV normal idle
[    0.571382] pm8994_l18: 1800 mV normal idle
[    0.572189] pm8994_l18_pin_ctrl: 1800 <--> 2900 mV at 1800 mV normal idle
[    0.573112] pm8994_l19: 3000 mV normal idle
[    0.574005] pm8994_l20: 2950 mV normal idle
[    0.574937] pm8994_l21: 2950 mV normal idle
[    0.575842] pm8994_l22: 3000 mV normal idle
[    0.576768] pm8994_l23: 2700 mV normal idle
[    0.577674] pm8994_l24: 3075 mV normal idle
[    0.578600] pm8994_l25: 1200 mV normal idle
[    0.580140] pm8994_l26_corner: 0 <--> 0 mV at 0 mV normal idle
[    0.580950] pm8994_l26_floor_corner: 0 <--> 0 mV at 0 mV normal idle
[    0.581878] pm8994_l27: 1000 mV normal idle
[    0.582787] pm8994_l28: 925 mV normal idle
[    0.584098] pm8994_l29: 2500 <--> 2900 mV at 2700 mV normal idle
[    0.585120] pm8994_l32: 1800 mV normal idle
[    0.586039] pm8994_lvs1: no parameters
[    0.586856] pm8994_lvs2: no parameters
[    0.587678] pmi8994_s1: 1025 mV normal idle
[    0.588567] pmi8994_boost_5v: no parameters
[    0.588763] qcom,rpm-smd-regulator soc:qcom,rpm-smd:rpm-regulator-bstb:regulator-bst: Failed to find supply parent
[    0.588986] rpm_vreg_device_probe: regulator_register failed: pmi8994_boost_5v, rc=-517
[    0.589603] pmi8994_boost_pin_ctrl: no parameters
[    0.589741] qcom,rpm-smd-regulator soc:qcom,rpm-smd:rpm-regulator-bstb:regulator-bst-pin-ctrl: Failed to find supply parent
[    0.589963] rpm_vreg_device_probe: regulator_register failed: pmi8994_boost_pin_ctrl, rc=-517
[    0.590767] pmi8994_boostbypass: 3150 <--> 3600 mV at 3150 mV normal idle
[    0.591418] pm8994_s11: 470 <--> 1140 mV at 905 mV normal idle
[    0.591890] pm8994_s11_avs_limit: 470 <--> 1140 mV
[    0.592123] spm_regulator_probe: name=pm8994_s11, range=LV, voltage=905000 uV, mode=AUTO, step rate=2400 uV/us
[    0.593474] msm-thermal <DOMAIN>,msm-thermal: msm_thermal:Failed reading node=/soc/qcom,msm-thermal, key=qcom,rpm-phase-resource-type err=-22. KTM continues
[    0.593506] msm-thermal <DOMAIN>,msm-thermal: msm_thermal:Failed reading node=/soc/qcom,msm-thermal, key=qcom,gfx-sensor-id. err=-22. KTM continues
[    0.593525] msm_thermal:sensor_mgr_init_threshold threshold id already initialized
[    0.593548] msm-thermal <DOMAIN>,msm-thermal: probe_vdd_mx:Failed reading node=/soc/qcom,msm-thermal, key=qcom,mx-restriction-temp. KTM continues
[    0.593569] msm-thermal <DOMAIN>,msm-thermal: probe_psm:Failed reading node=/soc/qcom,msm-thermal, key=qcom,pmic-sw-mode-temp. err=-22. KTM continues
[    0.594178] msm_thermal:vdd_restriction_reg_init Defer regulator vdd-gfx probe
[    0.594201] msm_thermal:probe_vdd_rstr Err regulator init. err:-517. KTM continues.
[    0.594222] msm-thermal <DOMAIN>,msm-thermal: probe_vdd_rstr:Failed reading node=/soc/qcom,msm-thermal, key=qcom,max-freq-level. err=-517. KTM continues
[    0.594238] msm_thermal:msm_thermal_dev_probe Failed reading node=/soc/qcom,msm-thermal, key=qcom,online-hotplug-core. err:-517
[    0.595528] msm_mpm_dev_probe(): Cannot get clk resource for XO: -517
[    0.597028] i2c-msm-v2 7577000.i2c: probing driver i2c-msm-v2
[    0.597177] i2c-msm-v2 7577000.i2c: error on clk_get(core_clk):-517
[    0.597197] i2c-msm-v2 7577000.i2c: error probe() failed with err:-517
[    0.598710] i2c-msm-v2 75b9000.i2c: probing driver i2c-msm-v2
[    0.598858] i2c-msm-v2 75b9000.i2c: error on clk_get(core_clk):-517
[    0.598877] i2c-msm-v2 75b9000.i2c: error probe() failed with err:-517
[    0.600682] i2c-msm-v2 75ba000.i2c: probing driver i2c-msm-v2
[    0.600835] i2c-msm-v2 75ba000.i2c: error on clk_get(core_clk):-517
[    0.600854] i2c-msm-v2 75ba000.i2c: error probe() failed with err:-517
[    0.601561] i2c-msm-v2 757a000.i2c: probing driver i2c-msm-v2
[    0.601681] i2c-msm-v2 757a000.i2c: error on clk_get(core_clk):-517
[    0.601698] i2c-msm-v2 757a000.i2c: error probe() failed with err:-517
[    0.603119] i2c-msm-v2 75b5000.i2c: probing driver i2c-msm-v2
[    0.603265] i2c-msm-v2 75b5000.i2c: error on clk_get(core_clk):-517
[    0.603284] i2c-msm-v2 75b5000.i2c: error probe() failed with err:-517
[    0.604558] i2c-msm-v2 75b6000.i2c: probing driver i2c-msm-v2
[    0.604698] i2c-msm-v2 75b6000.i2c: error on clk_get(core_clk):-517
[    0.604717] i2c-msm-v2 75b6000.i2c: error probe() failed with err:-517
[    0.605244] cpu-clock-8996 <DOMAIN>,cpu-clock-8996: resources init failed
[    0.637841] qcom,gcc-8996 <DOMAIN>,gcc: Registered GCC clocks.
[    0.639074] vfe0_clk_src: set OPP pair(75000000 Hz: 3 uV) on <DOMAIN>,vfe0
[    0.639102] vfe0_clk_src: set OPP pair(320000000 Hz: 5 uV) on <DOMAIN>,vfe0
[    0.639123] vfe0_clk_src: set OPP pair(600000000 Hz: 7 uV) on <DOMAIN>,vfe0
[    0.639436] vfe1_clk_src: set OPP pair(75000000 Hz: 3 uV) on <DOMAIN>,vfe1
[    0.639459] vfe1_clk_src: set OPP pair(320000000 Hz: 5 uV) on <DOMAIN>,vfe1
[    0.639478] vfe1_clk_src: set OPP pair(600000000 Hz: 7 uV) on <DOMAIN>,vfe1
[    0.639804] cpp_clk_src: set OPP pair(100000000 Hz: 3 uV) on <DOMAIN>,cpp
[    0.639827] cpp_clk_src: set OPP pair(384000000 Hz: 5 uV) on <DOMAIN>,cpp
[    0.639845] cpp_clk_src: set OPP pair(640000000 Hz: 7 uV) on <DOMAIN>,cpp
[    0.657023] qcom,mmsscc-8996 <DOMAIN>,mmsscc: Registered MMSS clocks.
[    0.659293] pmi8994_boost_5v: no parameters
[    0.659420] qcom,rpm-smd-regulator soc:qcom,rpm-smd:rpm-regulator-bstb:regulator-bst: Failed to find supply parent
[    0.659632] rpm_vreg_device_probe: regulator_register failed: pmi8994_boost_5v, rc=-517
[    0.660001] pmi8994_boost_pin_ctrl: no parameters
[    0.660152] qcom,rpm-smd-regulator soc:qcom,rpm-smd:rpm-regulator-bstb:regulator-bst-pin-ctrl: Failed to find supply parent
[    0.660351] rpm_vreg_device_probe: regulator_register failed: pmi8994_boost_pin_ctrl, rc=-517
[    0.661478] msm-thermal <DOMAIN>,msm-thermal: msm_thermal:Failed reading node=/soc/qcom,msm-thermal, key=qcom,rpm-phase-resource-type err=-22. KTM continues
[    0.661506] msm-thermal <DOMAIN>,msm-thermal: msm_thermal:Failed reading node=/soc/qcom,msm-thermal, key=qcom,gfx-sensor-id. err=-22. KTM continues
[    0.661522] msm_thermal:sensor_mgr_init_threshold threshold id already initialized
[    0.661543] msm-thermal <DOMAIN>,msm-thermal: probe_vdd_mx:Failed reading node=/soc/qcom,msm-thermal, key=qcom,mx-restriction-temp. KTM continues
[    0.661564] msm-thermal <DOMAIN>,msm-thermal: probe_psm:Failed reading node=/soc/qcom,msm-thermal, key=qcom,pmic-sw-mode-temp. err=-22. KTM continues
[    0.661819] msm_thermal:vdd_restriction_reg_init Defer regulator vdd-gfx probe
[    0.661835] msm_thermal:probe_vdd_rstr Err regulator init. err:-517. KTM continues.
[    0.661853] msm-thermal <DOMAIN>,msm-thermal: probe_vdd_rstr:Failed reading node=/soc/qcom,msm-thermal, key=qcom,max-freq-level. err=-517. KTM continues
[    0.661867] msm_thermal:msm_thermal_dev_probe Failed reading node=/soc/qcom,msm-thermal, key=qcom,online-hotplug-core. err:-517
[    0.662600] cpr3_msm8996_hmss_read_fuse_data: apc0_pwrcl_corner: speed bin = 0
[    0.662617] cpr3_msm8996_hmss_read_fuse_data: apc0_pwrcl_corner: CPR fusing <HARDWARE_INFO>
[    0.662632] cpr3_msm8996_hmss_read_fuse_data: apc0_pwrcl_corner: using redundant fuses = N
[    0.662647] cpr3_msm8996_hmss_read_fuse_data: apc0_pwrcl_corner: CPR limitation = none
[    0.662661] cpr3_msm8996_hmss_read_fuse_data: apc0_pwrcl_corner: CPR partial binning limitation = none
[    0.662677] cpr3_msm8996_hmss_read_fuse_data: apc0_pwrcl_corner: Retention voltage fuses: VDD_MX = 4, VDD_APCC = 4
[    0.662944] cpr3_hmss_kvreg_init: apc0_pwrcl_corner: LDO min headroom=150000 uV, LDO max headroom=470000 uV, LDO adj=0 uV, LDO mode=allowed, LDO retention=490000 uV
[    0.663225] cpr3_msm8996_hmss_calculate_open_loop_voltages: apc0_pwrcl_corner: fused MinSVS: open-loop= 585000 uV
[    0.663241] cpr3_msm8996_hmss_calculate_open_loop_voltages: apc0_pwrcl_corner: fused    SVS: open-loop= 685000 uV
[    0.663255] cpr3_msm8996_hmss_calculate_open_loop_voltages: apc0_pwrcl_corner: fused    NOM: open-loop= 815000 uV
[    0.663268] cpr3_msm8996_hmss_calculate_open_loop_voltages: apc0_pwrcl_corner: fused  TURBO: open-loop= 920000 uV
[    0.663395] cpr3_msm8996_hmss_calculate_target_quotients: apc0_pwrcl_corner: fused MinSVS: quot[ 7]= 316
[    0.663410] cpr3_msm8996_hmss_calculate_target_quotients: apc0_pwrcl_corner: fused    SVS: quot[ 7]= 487, quot_offset[ 7]= 130
[    0.663424] cpr3_msm8996_hmss_calculate_target_quotients: apc0_pwrcl_corner: fused    NOM: quot[ 7]= 732, quot_offset[ 7]= 245
[    0.663438] cpr3_msm8996_hmss_calculate_target_quotients: apc0_pwrcl_corner: fused  TURBO: quot[ 7]= 906, quot_offset[ 7]= 170
[    0.663629] cpr3_msm8996_hmss_read_fuse_data: apc0_cbf_corner: speed bin = 0
[    0.663644] cpr3_msm8996_hmss_read_fuse_data: apc0_cbf_corner: CPR fusing <HARDWARE_INFO>
[    0.663658] cpr3_msm8996_hmss_read_fuse_data: apc0_cbf_corner: using redundant fuses = N
[    0.663672] cpr3_msm8996_hmss_read_fuse_data: apc0_cbf_corner: CPR limitation = none
[    0.663686] cpr3_msm8996_hmss_read_fuse_data: apc0_cbf_corner: CPR partial binning limitation = none
[    0.663702] cpr3_msm8996_hmss_read_fuse_data: apc0_cbf_corner: Retention voltage fuses: VDD_MX = 4, VDD_APCC = 4
[    0.663881] cpr3_msm8996_hmss_calculate_open_loop_voltages: apc0_cbf_corner: fused MinSVS: open-loop= 585000 uV
[    0.663895] cpr3_msm8996_hmss_calculate_open_loop_voltages: apc0_cbf_corner: fused    SVS: open-loop= 685000 uV
[    0.663908] cpr3_msm8996_hmss_calculate_open_loop_voltages: apc0_cbf_corner: fused    NOM: open-loop= 815000 uV
[    0.663921] cpr3_msm8996_hmss_calculate_open_loop_voltages: apc0_cbf_corner: fused  TURBO: open-loop= 920000 uV
[    0.663988] cpr3_msm8996_hmss_calculate_target_quotients: apc0_cbf_corner: fused MinSVS: quot[ 7]= 316
[    0.664003] cpr3_msm8996_hmss_calculate_target_quotients: apc0_cbf_corner: fused    SVS: quot[ 7]= 487, quot_offset[ 7]= 130
[    0.664016] cpr3_msm8996_hmss_calculate_target_quotients: apc0_cbf_corner: fused    NOM: quot[ 7]= 732, quot_offset[ 7]= 245
[    0.664030] cpr3_msm8996_hmss_calculate_target_quotients: apc0_cbf_corner: fused  TURBO: quot[ 7]= 906, quot_offset[ 7]= 170
[    0.664185] cpr3_msm8996_hmss_read_fuse_data: apc1_corner: speed bin = 0
[    0.664200] cpr3_msm8996_hmss_read_fuse_data: apc1_corner: CPR fusing <HARDWARE_INFO>
[    0.664216] cpr3_msm8996_hmss_read_fuse_data: apc1_corner: using redundant fuses = N
[    0.664229] cpr3_msm8996_hmss_read_fuse_data: apc1_corner: CPR limitation = none
[    0.664244] cpr3_msm8996_hmss_read_fuse_data: apc1_corner: CPR partial binning limitation = none
[    0.664260] cpr3_msm8996_hmss_read_fuse_data: apc1_corner: Retention voltage fuses: VDD_MX = 4, VDD_APCC = 4
[    0.664526] cpr3_hmss_kvreg_init: apc1_corner: LDO min headroom=150000 uV, LDO max headroom=470000 uV, LDO adj=0 uV, LDO mode=allowed, LDO retention=490000 uV
[    0.664808] cpr3_msm8996_hmss_calculate_open_loop_voltages: apc1_corner: fused MinSVS: open-loop= 595000 uV
[    0.664823] cpr3_msm8996_hmss_calculate_open_loop_voltages: apc1_corner: fused    SVS: open-loop= 655000 uV
[    0.664836] cpr3_msm8996_hmss_calculate_open_loop_voltages: apc1_corner: fused    NOM: open-loop= 725000 uV
[    0.664849] cpr3_msm8996_hmss_calculate_open_loop_voltages: apc1_corner: fused  TURBO: open-loop= 980000 uV
[    0.665015] cpr3_msm8996_hmss_calculate_target_quotients: apc1_corner: fused MinSVS: quot[ 7]= 336
[    0.665030] cpr3_msm8996_hmss_calculate_target_quotients: apc1_corner: fused    SVS: quot[ 7]= 430, quot_offset[ 7]=  55
[    0.665045] cpr3_msm8996_hmss_calculate_target_quotients: apc1_corner: fused    NOM: quot[ 7]= 565, quot_offset[ 7]= 135
[    0.665059] cpr3_msm8996_hmss_calculate_target_quotients: apc1_corner: fused  TURBO: quot[ 7]=1011, quot_offset[ 7]= 445
[    0.665620] cpr3_regulator_init_ctrl: apcc: Default CPR mode = SW closed-loop
[    0.665867] apc0_pwrcl_corner: 0 <--> 0 mV at 0 mV
[    0.666284] apc0_cbf_corner: 0 <--> 0 mV at 0 mV
[    0.669676] cpr3_regulator_measure_aging: apcc: average quotient delta=-4 (count=10)
[    0.669708] cpr3_regulator_aging_adjust: apcc: aging measurement successful; aging reference adjustment voltage=0 uV
[    0.670204] apc1_corner: 0 <--> 0 mV at 0 mV
[    0.672630] cpr3_msm8996_mmss_read_fuse_data: gfx_corner: CPR fusing <HARDWARE_INFO>
[    0.672652] cpr3_msm8996_mmss_read_fuse_data: gfx_corner: CPR limitation = none
[    0.673088] cpr3_msm8996_mmss_calculate_open_loop_voltages: gfx_corner: fuse_corner[0] open-loop= 640000 uV
[    0.673103] cpr3_msm8996_mmss_calculate_open_loop_voltages: gfx_corner: fuse_corner[1] open-loop= 685000 uV
[    0.673117] cpr3_msm8996_mmss_calculate_open_loop_voltages: gfx_corner: fuse_corner[2] open-loop= 805000 uV
[    0.673130] cpr3_msm8996_mmss_calculate_open_loop_voltages: gfx_corner: fuse_corner[3] open-loop= 895000 uV
[    0.673371] cpr3_regulator_init_ctrl: gfx: Default CPR mode = closed-loop
[    0.673595] gfx_corner: 0 <--> 0 mV at 0 mV
[    0.675843] i2c-msm-v2 7577000.i2c: probing driver i2c-msm-v2
[    0.675966] AXI: msm_bus_scale_register_client(): msm_bus_scale_register_client: Bus driver not ready.
[    0.675984] i2c-msm-v2 7577000.i2c: msm_bus_scale_register_client(mstr-id:86):0 (not a problem)
[    0.679032] i2c-msm-v2 75b9000.i2c: probing driver i2c-msm-v2
[    0.679156] AXI: msm_bus_scale_register_client(): msm_bus_scale_register_client: Bus driver not ready.
[    0.679174] i2c-msm-v2 75b9000.i2c: msm_bus_scale_register_client(mstr-id:84):0 (not a problem)
[    0.681535] i2c-msm-v2 75ba000.i2c: probing driver i2c-msm-v2
[    0.681656] AXI: msm_bus_scale_register_client(): msm_bus_scale_register_client: Bus driver not ready.
[    0.681674] i2c-msm-v2 75ba000.i2c: msm_bus_scale_register_client(mstr-id:84):0 (not a problem)
[    0.683601] i2c-msm-v2 757a000.i2c: probing driver i2c-msm-v2
[    0.683722] AXI: msm_bus_scale_register_client(): msm_bus_scale_register_client: Bus driver not ready.
[    0.683739] i2c-msm-v2 757a000.i2c: msm_bus_scale_register_client(mstr-id:86):0 (not a problem)
[    0.685555] i2c-msm-v2 75b5000.i2c: probing driver i2c-msm-v2
[    0.685672] AXI: msm_bus_scale_register_client(): msm_bus_scale_register_client: Bus driver not ready.
[    0.685690] i2c-msm-v2 75b5000.i2c: msm_bus_scale_register_client(mstr-id:84):0 (not a problem)
[    0.687198] i2c-msm-v2 75b6000.i2c: probing driver i2c-msm-v2
[    0.687310] AXI: msm_bus_scale_register_client(): msm_bus_scale_register_client: Bus driver not ready.
[    0.687327] i2c-msm-v2 75b6000.i2c: msm_bus_scale_register_client(mstr-id:84):0 (not a problem)
[    0.689347] cpu-clock-8996 <DOMAIN>,cpu-clock-8996: using perf/pwr/cbf speed bin 0 and pvs_ver 0
[    0.692630] clock-cpu-8996: set OPP pair (307200000 Hz, 605000 uv) on cpu0
[    0.692719] clock-cpu-8996: set OPP pair (1593600000 Hz, 895000 uv) on cpu0
[    0.692755] clock-cpu-8996: set OPP pair (307200000 Hz, 605000 uv) on cpu1
[    0.692840] clock-cpu-8996: set OPP pair (1593600000 Hz, 895000 uv) on cpu1
[    0.692879] clock-cpu-8996: set OPP pair (307200000 Hz, 615000 uv) on cpu2
[    0.693008] clock-cpu-8996: set OPP pair (2150400000 Hz, 965000 uv) on cpu2
[    0.693041] clock-cpu-8996: set OPP pair (307200000 Hz, 615000 uv) on cpu3
[    0.693164] clock-cpu-8996: set OPP pair (2150400000 Hz, 965000 uv) on cpu3
[    0.693325] clock-cpu-8996: set OPP pair (307200000 Hz, 630000 uv) on soc:qcom,m4m
[    0.693424] clock-cpu-8996: set OPP pair (1593600000 Hz, 895000 uv) on soc:qcom,m4m
[    0.693946] qcom,gpucc-8996 <DOMAIN>,gpucc: using speed bin 0
[    0.694388] gfx3d_clk_src_v2: set OPP pair(133000000 Hz: 570000 uV) on <DOMAIN>,kgsl-3d0
[    0.694434] gfx3d_clk_src_v2: set OPP pair(624000000 Hz: 895000 uV) on <DOMAIN>,kgsl-3d0
[    0.696369] qcom,gpucc-8996 <DOMAIN>,gpucc: Registered GPU clocks.
[    0.696737] pmi8994_boost_5v: no parameters
[    0.696838] qcom,rpm-smd-regulator soc:qcom,rpm-smd:rpm-regulator-bstb:regulator-bst: Failed to find supply parent
[    0.697049] rpm_vreg_device_probe: regulator_register failed: pmi8994_boost_5v, rc=-517
[    0.697410] pmi8994_boost_pin_ctrl: no parameters
[    0.697486] qcom,rpm-smd-regulator soc:qcom,rpm-smd:rpm-regulator-bstb:regulator-bst-pin-ctrl: Failed to find supply parent
[    0.697679] rpm_vreg_device_probe: regulator_register failed: pmi8994_boost_pin_ctrl, rc=-517
[    0.698822] msm-thermal <DOMAIN>,msm-thermal: msm_thermal:Failed reading node=/soc/qcom,msm-thermal, key=qcom,rpm-phase-resource-type err=-22. KTM continues
[    0.698850] msm-thermal <DOMAIN>,msm-thermal: msm_thermal:Failed reading node=/soc/qcom,msm-thermal, key=qcom,gfx-sensor-id. err=-22. KTM continues
[    0.698868] msm_thermal:sensor_mgr_init_threshold threshold id already initialized
[    0.698890] msm-thermal <DOMAIN>,msm-thermal: probe_vdd_mx:Failed reading node=/soc/qcom,msm-thermal, key=qcom,mx-restriction-temp. KTM continues
[    0.698911] msm-thermal <DOMAIN>,msm-thermal: probe_psm:Failed reading node=/soc/qcom,msm-thermal, key=qcom,pmic-sw-mode-temp. err=-22. KTM continues
[    0.699290] msm_thermal:update_cpu_freq Unable to update policy for cpu:0. err:-19
[    0.699309] msm_thermal:update_cpu_freq Unable to update policy for cpu:2. err:-19
[    0.699326] msm_thermal:update_cpu_freq Unable to update policy for cpu:2. err:-19
[    0.699354] msm-thermal <DOMAIN>,msm-thermal: probe_ocr:Failed reading node=/soc/qcom,msm-thermal, key=qcom,pmic-opt-curr-temp err:-22. KTM continues
[    0.700497] msm_thermal:update_cpu_freq Unable to update policy for cpu:0. err:-19
[    0.700517] msm_thermal:update_cpu_freq Unable to update policy for cpu:2. err:-19
[    0.700534] msm_thermal:update_cpu_freq Unable to update policy for cpu:2. err:-19
[    0.700624] pmi8994_boost_5v: no parameters
[    0.700728] qcom,rpm-smd-regulator soc:qcom,rpm-smd:rpm-regulator-bstb:regulator-bst: Failed to find supply parent
[    0.700940] rpm_vreg_device_probe: regulator_register failed: pmi8994_boost_5v, rc=-517
[    0.701321] pmi8994_boost_pin_ctrl: no parameters
[    0.701398] qcom,rpm-smd-regulator soc:qcom,rpm-smd:rpm-regulator-bstb:regulator-bst-pin-ctrl: Failed to find supply parent
[    0.701594] rpm_vreg_device_probe: regulator_register failed: pmi8994_boost_pin_ctrl, rc=-517
[    0.778258] KPI: Bootloader start count = 29887
[    0.778281] KPI: Bootloader end count = 73358
[    0.778296] KPI: Bootloader display count = 67550
[    0.778310] KPI: Bootloader load kernel count = 2224
[    0.778326] KPI: Kernel MPM timestamp = 106326
[    0.778339] KPI: Kernel MPM Clock frequency = 32768
[    0.778370] socinfo_print: v0.11, id=246, ver=3.1, raw_id=2375, raw_ver=4, hw_plat=8, hw_plat_ver=65536
[    0.778370]  accessory_chip=0, hw_plat_subtype=0, pmic_<INFO> pmic_die_revision=131072 foundry_id=3 serial_number=1174895908 num_pmics=2
[    0.778829] gdsc_mmagic_bimc: no parameters
[    0.780103] usb_otg_vreg: no parameters
[    0.780205] reg-fixed-voltage soc:usb-otg-switch: Failed to find supply vin
[    0.780438] reg-fixed-voltage soc:usb-otg-switch: Failed to register regulator: -517
[    0.780764] rome_vreg: no parameters
[    0.781842] vgaarb: loaded
[    0.783907] SCSI subsystem initialized
[    0.785350] usbcore: registered new interface driver usbfs
[    0.785469] usbcore: registered new interface driver hub
[    0.785731] usbcore: registered new device driver usb
[    0.785978] media: Linux media interface: v0.10
[    0.786068] Linux video capture interface: v2.00
[    0.840465] cpufreq: driver msm up and running
[    0.841552] platform soc:qcom,ion:qcom,ion-heap@22: assigned reserved memory node adsp_region
[    0.842448] platform soc:qcom,ion:qcom,ion-heap@27: assigned reserved memory node qseecom_region
[    0.843339] platform soc:qcom,ion:qcom,ion-heap@10: assigned reserved memory node secure_region
[    0.844328] ION heap system created
[    0.844504] ION heap kmalloc created
[    0.844523] ION heap adsp created at 0x<HEXSEQ> with size 400000
[    0.844540] ION heap qsecom created at 0x<HEXSEQ> with size 1400000
[    0.844555] ION heap secure_display created at 0x<HEXSEQ> with size 5c00000
[    0.844570] ION heap secure_heap created
[    0.845449] msm_bus_fabric_init_driver
[    0.851208] msm-bus-type fab-a0noc: Error: Failed to get regulator bus-gdsc:-517
[    0.851225] msm-bus-type fab-a0noc: Error: Failed to get regulator bus-a-gdsc:-517
[    0.858174] msm-bus-type slv-vmem-cfg: Error: Failed to get regulator node-gdsc:-517
[    0.859303] msm-bus-type slv-vmem: Error: Failed to get regulator node-gdsc:-517
[    0.870270] msm-bus-type fab-a0noc: Error: Failed to get regulator aggre0-snoc-axi-no-rate:-517
[    0.870287] msm-bus-type fab-a0noc: Error: Failed to get regulator aggre0-snoc-axi-no-rate:-517
[    0.870302] msm-bus-type fab-a0noc: Error: Failed to get regulator aggre0-snoc-axi-no-rate:-517
[    0.870531] msm-bus-type fab-mnoc: Error: Failed to get regulator mmagic-mdss-axi-no-rate:-517
[    0.870571] msm-bus-type fab-mnoc: Error: Failed to get regulator mmagic-mdss-axi-no-rate:-517
[    0.870609] msm-bus-type fab-mnoc: Error: Failed to get regulator mmagic-mdss-axi-no-rate:-517
[    0.870645] msm-bus-type fab-mnoc: Error: Failed to get regulator mmagic-mdss-axi-no-rate:-517
[    0.870683] msm-bus-type fab-mnoc: Error: Failed to get regulator mmagic-mdss-axi-no-rate:-517
[    0.870718] msm-bus-type fab-mnoc: Error: Failed to get regulator mmagic-mdss-axi-no-rate:-517
[    0.870755] msm-bus-type fab-mnoc: Error: Failed to get regulator mmagic-mdss-axi-no-rate:-517
[    0.872675] qcom,qpnp-power-on qpnp-power-on-<HEXSEQ>: PMIC@SID0 Power-on reason: Triggered from PON1 (secondary PMIC) and 'cold' boot
[    0.872699] qcom,qpnp-power-on qpnp-power-on-<HEXSEQ>: PMIC@SID0: Power-off reason: Triggered from PS_HOLD (PS_HOLD/MSM controlled shutdown)
[    0.872965] input: qpnp_pon as /devices/virtual/input/input0
[    0.873761] pon_spare_reg: no parameters
[    0.873883] qcom,qpnp-power-on qpnp-power-on-<HEXSEQ>: No PON config. specified
[    0.873939] qcom,qpnp-power-on qpnp-power-on-<HEXSEQ>: PMIC@SID2 Power-on reason: Triggered from PON1 (secondary PMIC) and 'cold' boot
[    0.873959] qcom,qpnp-power-on qpnp-power-on-<HEXSEQ>: PMIC@SID2: Power-off reason: Triggered from PS_HOLD (PS_HOLD/MSM controlled shutdown)
[    0.874200] PMIC@SID0: PM8994 v2.0 options: 0, 0, 2, 2
[    0.874305] PMIC@SID2: PMI8996 v1.1 options: 0, 0, 0, 0
[    0.875886] ipa ipa_uc_state_check:291 uC interface not initialized
[    0.875901] ipa ipa_sps_irq_control_all:932 EP (2) not allocated.
[    0.875908] ipa ipa_sps_irq_control_all:932 EP (5) not allocated.
[    0.878379] sps:BAM 0x<HEXSEQ> is registered.
[    0.879532] ipa ipa_uc_state_check:291 uC interface not initialized
[    0.879800] sps:BAM 0x<HEXSEQ> (va:0x<HEXSEQ>) enabled: ver:0x27, number of pipes:20
[    0.881726] ipa ipa_uc_state_check:291 uC interface not initialized
[    0.891985] ipa ipa_uc_state_check:291 uC interface not initialized
[    0.894396] IPA driver initialization was successful.
[    0.895940] gdsc_mmagic_video: no parameters
[    0.896351] gdsc_mmagic_mdss: no parameters
[    0.896690] gdsc_mmagic_camss: no parameters
[    0.897086] gdsc_venus: no parameters
[    0.897128] gdsc_venus: supplied by gdsc_mmagic_video
[    0.897520] gdsc_venus_core0: fast normal
[    0.897882] gdsc_venus_core1: fast normal
[    0.898244] gdsc_camss_top: no parameters
[    0.898284] gdsc_camss_top: supplied by gdsc_mmagic_camss
[    0.898642] gdsc_vfe0: no parameters
[    0.898679] gdsc_vfe0: supplied by gdsc_camss_top
[    0.899022] gdsc_vfe1: no parameters
[    0.899061] gdsc_vfe1: supplied by gdsc_camss_top
[    0.899435] gdsc_mdss: no parameters
[    0.899474] gdsc_mdss: supplied by gdsc_mmagic_mdss
[    0.899984] gdsc_jpeg: no parameters
[    0.900525] gdsc_jpeg: supplied by gdsc_camss_top